============================= test session starts =============================
platform win32 -- Python 3.12.2, pytest-9.0.2, pluggy-1.6.0 -- C:\Users\surya\AppData\Local\Programs\Python\Python312\python.exe
cachedir: .pytest_cache
rootdir: C:\Users\surya\Downloads\pymgcv
configfile: pyproject.toml
plugins: cov-7.0.0
collecting ... collected 235 items

tests/test_diagnostics.py::TestComputeResiduals::test_response_residuals PASSED [  0%]
tests/test_diagnostics.py::TestComputeResiduals::test_pearson_residuals_shape PASSED [  0%]
tests/test_diagnostics.py::TestComputeResiduals::test_deviance_residuals_shape PASSED [  1%]
tests/test_diagnostics.py::TestComputeResiduals::test_standardized_residuals_shape PASSED [  1%]
tests/test_diagnostics.py::TestComputeResiduals::test_unknown_type_raises PASSED [  2%]
tests/test_diagnostics.py::TestComputeResiduals::test_no_nans PASSED     [  2%]
tests/test_diagnostics.py::TestComputeResiduals::test_response_residuals_no_family PASSED [  2%]
tests/test_diagnostics.py::TestComputeResiduals::test_deviance_sign PASSED [  3%]
tests/test_diagnostics.py::TestResidualDiagnostics::test_instantiation PASSED [  3%]
tests/test_diagnostics.py::TestResidualDiagnostics::test_has_all_residual_types PASSED [  4%]
tests/test_diagnostics.py::TestResidualDiagnostics::test_summary_is_string PASSED [  4%]
tests/test_diagnostics.py::TestResidualDiagnostics::test_get_residuals PASSED [  5%]
tests/test_diagnostics.py::TestResidualDiagnostics::test_qq_plot_data PASSED [  5%]
tests/test_diagnostics.py::TestResidualDiagnostics::test_unfitted_model_raises PASSED [  5%]
tests/test_diagnostics.py::TestInfluence::test_leverage_from_diagonal PASSED [  6%]
tests/test_diagnostics.py::TestInfluence::test_cooks_distance_shape PASSED [  6%]
tests/test_diagnostics.py::TestInfluence::test_cooks_distance_non_negative PASSED [  7%]
tests/test_diagnostics.py::TestInfluence::test_dfbetas_shape PASSED      [  7%]
tests/test_diagnostics.py::TestInfluence::test_high_residual_high_cooks PASSED [  8%]
tests/test_diagnostics.py::TestConcurvity::test_returns_dict_with_keys PASSED [  8%]
tests/test_diagnostics.py::TestConcurvity::test_matrix_shape PASSED      [  8%]
tests/test_diagnostics.py::TestConcurvity::test_diagonal_is_one PASSED   [  9%]
tests/test_diagnostics.py::TestConcurvity::test_overall_in_range PASSED  [  9%]
tests/test_diagnostics.py::TestConcurvity::test_identical_smooths_high_concurvity PASSED [ 10%]
tests/test_diagnostics.py::TestConcurvity::test_orthogonal_smooths_low_concurvity PASSED [ 10%]
tests/test_families.py::TestBinomialFamily::test_binomial_logit_link PASSED [ 11%]
tests/test_families.py::TestBinomialFamily::test_binomial_probit_link PASSED [ 11%]
tests/test_families.py::TestBinomialFamily::test_binomial_cloglog_link PASSED [ 11%]
tests/test_families.py::TestBinomialFamily::test_binomial_dmu_deta_logit PASSED [ 12%]
tests/test_families.py::TestBinomialFamily::test_binomial_variance PASSED [ 12%]
tests/test_families.py::TestBinomialFamily::test_binomial_loglik_perfect PASSED [ 13%]
tests/test_families.py::TestBinomialFamily::test_binomial_loglik_random PASSED [ 13%]
tests/test_families.py::TestBinomialFamily::test_binomial_invalid_link PASSED [ 14%]
tests/test_families.py::TestNegativeBinomialFamily::test_negbinom_initialization PASSED [ 14%]
tests/test_families.py::TestNegativeBinomialFamily::test_negbinom_invalid_theta PASSED [ 14%]
tests/test_families.py::TestNegativeBinomialFamily::test_negbinom_log_link PASSED [ 15%]
tests/test_families.py::TestNegativeBinomialFamily::test_negbinom_variance PASSED [ 15%]
tests/test_families.py::TestNegativeBinomialFamily::test_negbinom_variance_parameters PASSED [ 16%]
tests/test_families.py::TestNegativeBinomialFamily::test_negbinom_loglik PASSED [ 16%]
tests/test_families.py::TestNegativeBinomialFamily::test_negbinom_loglik_poisson_limit PASSED [ 17%]
tests/test_families.py::TestInverseGaussianFamily::test_inversegaussian_initialization PASSED [ 17%]
tests/test_families.py::TestInverseGaussianFamily::test_inversegaussian_invalid_link PASSED [ 17%]
tests/test_families.py::TestInverseGaussianFamily::test_inversegaussian_link PASSED [ 18%]
tests/test_families.py::TestInverseGaussianFamily::test_inversegaussian_dmu_deta PASSED [ 18%]
tests/test_families.py::TestInverseGaussianFamily::test_inversegaussian_variance PASSED [ 19%]
tests/test_families.py::TestInverseGaussianFamily::test_inversegaussian_variance_positive_valued PASSED [ 19%]
tests/test_families.py::TestInverseGaussianFamily::test_inversegaussian_loglik PASSED [ 20%]
tests/test_families.py::TestInverseGaussianFamily::test_inversegaussian_small_mu PASSED [ 20%]
tests/test_families.py::TestFamilyComparisons::test_poisson_vs_negbinom_large_theta PASSED [ 20%]
tests/test_families.py::TestFamilyComparisons::test_binomial_mu_bounds PASSED [ 21%]
tests/test_families.py::TestFamilyComparisons::test_all_families_have_variance PASSED [ 21%]
tests/test_families.py::TestFamilyComparisons::test_all_families_have_loglik PASSED [ 22%]
tests/test_gam_families_phase2a.py::test_gam_family_fit[family0-y0-None-None] PASSED [ 22%]
tests/test_gam_families_phase2a.py::test_gam_family_fit[family1-y1-None-None] PASSED [ 22%]
tests/test_gam_families_phase2a.py::test_gam_family_fit[family2-y2-None-None] PASSED [ 23%]
tests/test_gam_families_phase2a.py::test_gam_family_fit[family3-y3-None-None] PASSED [ 23%]
tests/test_gam_families_phase2a.py::test_gam_family_fit[family4-y4-None-None] PASSED [ 24%]
tests/test_gam_families_phase2a.py::test_gam_family_fit[family5-y5-None-None] PASSED [ 24%]
tests/test_gam_families_phase2a.py::test_gam_family_fit[family6-y6-None-None] PASSED [ 25%]
tests/test_integration.py::TestGAMIntegration::test_bspline_basis_shape PASSED [ 25%]
tests/test_integration.py::TestGAMIntegration::test_penalty_matrix_properties PASSED [ 25%]
tests/test_integration.py::TestGAMIntegration::test_pspline_difference_penalty PASSED [ 26%]
tests/test_integration.py::TestGAMIntegration::test_aic_ubre_calculation PASSED [ 26%]
tests/test_integration.py::TestGAMIntegration::test_family_gaussian PASSED [ 27%]
tests/test_integration.py::TestGAMIntegration::test_family_binomial PASSED [ 27%]
tests/test_integration.py::TestGAMIntegration::test_sparse_block_construction PASSED [ 28%]
tests/test_integration.py::TestGAMIntegration::test_configuration_defaults PASSED [ 28%]
tests/test_integration.py::TestGAMIntegration::test_gam_basic_fit PASSED [ 28%]
tests/test_integration.py::TestGAMIntegration::test_thin_plate_spline PASSED [ 29%]
tests/test_integration.py::TestNumericalStability::test_no_nan_in_basis PASSED [ 29%]
tests/test_integration.py::TestNumericalStability::test_penalty_matrix_rank PASSED [ 30%]
tests/test_integration.py::TestEdgeCases::test_single_point PASSED       [ 30%]
tests/test_integration.py::TestEdgeCases::test_repeated_x_values PASSED  [ 31%]
tests/test_integration.py::TestEdgeCases::test_large_k PASSED            [ 31%]
tests/test_new_features.py::TestCyclicSpline::test_basis_shape PASSED    [ 31%]
tests/test_new_features.py::TestCyclicSpline::test_penalty_shape PASSED  [ 32%]
tests/test_new_features.py::TestCyclicSpline::test_penalty_symmetric PASSED [ 32%]
tests/test_new_features.py::TestCyclicSpline::test_basis_finite PASSED   [ 33%]
tests/test_new_features.py::TestCyclicSpline::test_predict_shape PASSED  [ 33%]
tests/test_new_features.py::TestCyclicSpline::test_basis_matrix_method PASSED [ 34%]
tests/test_new_features.py::TestCyclicSpline::test_default_k PASSED      [ 34%]
tests/test_new_features.py::TestRandomEffect::test_factor_basis_shape PASSED [ 34%]
tests/test_new_features.py::TestRandomEffect::test_factor_levels_detected PASSED [ 35%]
tests/test_new_features.py::TestRandomEffect::test_identity_penalty PASSED [ 35%]
tests/test_new_features.py::TestRandomEffect::test_factor_basis_binary PASSED [ 36%]
tests/test_new_features.py::TestRandomEffect::test_each_row_sums_to_one PASSED [ 36%]
tests/test_new_features.py::TestRandomEffect::test_factor_predict PASSED [ 37%]
tests/test_new_features.py::TestRandomEffect::test_penalty_matrix_method PASSED [ 37%]
tests/test_new_features.py::TestByVariableParser::test_parse_by_factor PASSED [ 37%]
tests/test_new_features.py::TestByVariableParser::test_parse_by_continuous PASSED [ 38%]
tests/test_new_features.py::TestByVariableParser::test_parse_bs_cc PASSED [ 38%]
tests/test_new_features.py::TestByVariableParser::test_parse_re PASSED   [ 39%]
tests/test_new_features.py::TestByVariableModelMatrix::test_factor_by_expands_columns PASSED [ 39%]
tests/test_new_features.py::TestByVariableModelMatrix::test_factor_by_levels_stored PASSED [ 40%]
tests/test_new_features.py::TestByVariableModelMatrix::test_continuous_by_no_expansion PASSED [ 40%]
tests/test_new_features.py::TestByVariableModelMatrix::test_basis_zeros_padding PASSED [ 40%]
tests/test_new_features.py::TestByVariableGAM::test_fit_factor_by PASSED [ 41%]
tests/test_new_features.py::TestByVariableGAM::test_fit_continuous_by PASSED [ 41%]
tests/test_new_features.py::TestCyclicSplineGAM::test_fit_cyclic PASSED  [ 42%]
tests/test_new_features.py::TestCyclicSplineGAM::test_cyclic_predictions_finite PASSED [ 42%]
tests/test_new_features.py::TestGAMWeights::test_weights_loaded_from_column PASSED [ 42%]
tests/test_new_features.py::TestGAMWeights::test_weights_array_direct PASSED [ 43%]
tests/test_new_features.py::TestGAMWeights::test_weights_validation_negative PASSED [ 43%]
tests/test_new_features.py::TestGAMWeights::test_weights_different_coefs PASSED [ 44%]
tests/test_new_features.py::TestInference::test_standard_errors_shape PASSED [ 44%]
tests/test_new_features.py::TestInference::test_standard_errors_positive PASSED [ 45%]
tests/test_new_features.py::TestInference::test_confidence_intervals_shape PASSED [ 45%]
tests/test_new_features.py::TestInference::test_confidence_intervals_order PASSED [ 45%]
tests/test_new_features.py::TestInference::test_confidence_intervals_contain_beta PASSED [ 46%]
tests/test_new_features.py::TestInference::test_95_narrower_than_99 PASSED [ 46%]
tests/test_phase_3_jax.py::TestJAXAcceleration::test_device_info PASSED  [ 47%]
tests/test_phase_3_jax.py::TestJAXAcceleration::test_jax_pirls_iteration PASSED [ 47%]
tests/test_phase_3_jax.py::TestJAXAcceleration::test_jax_gradient_function PASSED [ 48%]
tests/test_phase_3_jax.py::TestGAMClass::test_gam_initialization PASSED  [ 48%]
tests/test_phase_3_jax.py::TestGAMClass::test_gam_fit_gaussian PASSED    [ 48%]
tests/test_phase_3_jax.py::TestGAMClass::test_gam_predict PASSED         [ 49%]
tests/test_phase_3_jax.py::TestGAMClass::test_gam_summary PASSED         [ 49%]
tests/test_phase_3_jax.py::TestGAMClass::test_gam_fit_poisson PASSED     [ 50%]
tests/test_phase_3_jax.py::TestGAMClass::test_gam_fit_with_offset PASSED [ 50%]
tests/test_phases_1_2.py::TestFormulaParser::test_parse_simple_smooth PASSED [ 51%]
tests/test_phases_1_2.py::TestFormulaParser::test_parse_mixed_terms PASSED [ 51%]
tests/test_phases_1_2.py::TestFormulaParser::test_parse_with_basis_kwargs PASSED [ 51%]
tests/test_phases_1_2.py::TestThinPlateSpline::test_basis_construction_univariate PASSED [ 52%]
tests/test_phases_1_2.py::TestThinPlateSpline::test_functional_api PASSED [ 52%]
tests/test_phases_1_2.py::TestDesignMatrix::test_assemble_design_matrix_gaussian PASSED [ 53%]
tests/test_phases_1_2.py::TestDesignMatrix::test_parametric_plus_smooth PASSED [ 53%]
tests/test_phases_1_2.py::TestPenaltyMatrix::test_tprs_penalty_construction PASSED [ 54%]
tests/test_phases_1_2.py::TestPenaltyMatrix::test_penalty_matrix_set PASSED [ 54%]
tests/test_phases_1_2.py::TestDemmlerReinsch::test_orthogonalization_diagonalizes_penalty PASSED [ 54%]
tests/test_phases_1_2.py::TestPenalizedLikelihood::test_gaussian_penalized_likelihood PASSED [ 55%]
tests/test_phases_1_2.py::TestPIRLS::test_pirls_convergence_gaussian PASSED [ 55%]
tests/test_phases_1_2.py::TestPIRLS::test_pirls_poisson PASSED           [ 56%]
tests/test_phases_1_2.py::TestEDF::test_edf_computation PASSED           [ 56%]
tests/test_phases_1_2.py::TestIntegration::test_full_gaussian_gam_workflow PASSED [ 57%]
tests/test_pirls_integration_phase1.py::TestGAMFittingIntegration::test_gam_gaussian_fitting PASSED [ 57%]
tests/test_pirls_integration_phase1.py::TestGAMFittingIntegration::test_gam_poisson_fitting PASSED [ 57%]
tests/test_pirls_integration_phase1.py::TestGAMFittingIntegration::test_gam_binomial_fitting PASSED [ 58%]
tests/test_pirls_integration_phase1.py::TestGAMFittingIntegration::test_gam_with_offset PASSED [ 58%]
tests/test_pirls_integration_phase1.py::TestOffsetEdgeCases::test_pirls_with_zero_offset PASSED [ 59%]
tests/test_pirls_integration_phase1.py::TestOffsetEdgeCases::test_pirls_with_nonzero_offset PASSED [ 59%]
tests/test_pirls_integration_phase1.py::TestOffsetEdgeCases::test_pirls_offset_vs_no_offset PASSED [ 60%]
tests/test_pirls_integration_phase1.py::TestOffsetEdgeCases::test_pirls_large_offset PASSED [ 60%]
tests/test_pirls_integration_phase1.py::TestOffsetEdgeCases::test_offset_affects_predictions PASSED [ 60%]
tests/test_pirls_integration_phase1.py::TestPIRLSWeightsAndOffset::test_weights_and_offset_together PASSED [ 61%]
tests/test_pirls_integration_phase1.py::TestPIRLSWeightsAndOffset::test_weighted_regression PASSED [ 61%]
tests/test_pirls_integration_phase1.py::TestPredictionWithOffset::test_prediction_respects_offset PASSED [ 62%]
tests/test_pirls_integration_phase1.py::TestPredictionWithOffset::test_fitted_values_method PASSED [ 62%]
tests/test_pirls_stability_phase1.py::TestPIRLSLineSearch::test_line_search_prevents_overshoot_gaussian PASSED [ 62%]
tests/test_pirls_stability_phase1.py::TestPIRLSLineSearch::test_line_search_step_size_tracking PASSED [ 63%]
tests/test_pirls_stability_phase1.py::TestPIRLSLineSearch::test_line_search_with_penalties PASSED [ 63%]
tests/test_pirls_stability_phase1.py::TestPIRLSConvergenceCriteria::test_convergence_checks_all_criteria PASSED [ 64%]
tests/test_pirls_stability_phase1.py::TestPIRLSConvergenceCriteria::test_convergence_relative_change PASSED [ 64%]
tests/test_pirls_stability_phase1.py::TestPIRLSNaNHandling::test_nan_values_detected_and_handled PASSED [ 65%]
tests/test_pirls_stability_phase1.py::TestPIRLSNaNHandling::test_infinite_offset_handled PASSED [ 65%]
tests/test_pirls_stability_phase1.py::TestPIRLSNaNHandling::test_zero_variance_handling PASSED [ 65%]
tests/test_pirls_stability_phase1.py::TestPIRLSWeights::test_weights_parameter_acceptance PASSED [ 66%]
tests/test_pirls_stability_phase1.py::TestPIRLSWeights::test_weights_uniform_equivalence PASSED [ 66%]
tests/test_pirls_stability_phase1.py::TestPIRLSWeights::test_weights_validation PASSED [ 67%]
tests/test_pirls_stability_phase1.py::TestPIRLSOffsets::test_offset_parameter_acceptance PASSED [ 67%]
tests/test_pirls_stability_phase1.py::TestPIRLSOffsets::test_zero_offset_default PASSED [ 68%]
tests/test_pirls_stability_phase1.py::TestPIRLSOffsets::test_offset_dimension_validation PASSED [ 68%]
tests/test_pirls_stability_phase1.py::TestPIRLSFunctionalAPI::test_solve_pirls_with_weights PASSED [ 68%]
tests/test_pirls_stability_phase1.py::TestPIRLSFunctionalAPI::test_solve_pirls_with_offset PASSED [ 69%]
tests/test_tensor_products.py::test_row_kron_shape PASSED                [ 69%]
tests/test_tensor_products.py::test_row_kron_first_row PASSED            [ 70%]
tests/test_tensor_products.py::test_row_kron_last_row PASSED             [ 70%]
tests/test_tensor_products.py::test_kron_sum_penalties_shapes PASSED     [ 71%]
tests/test_tensor_products.py::test_kron_sum_penalties_three_margins PASSED [ 71%]
tests/test_tensor_products.py::test_kron_sum_identity_sum PASSED         [ 71%]
tests/test_tensor_products.py::test_te_basis_shape PASSED                [ 72%]
tests/test_tensor_products.py::test_te_penalty_count PASSED              [ 72%]
tests/test_tensor_products.py::test_te_three_variables PASSED            [ 73%]
tests/test_tensor_products.py::test_te_total_dim PASSED                  [ 73%]
tests/test_tensor_products.py::test_te_basis_finite PASSED               [ 74%]
tests/test_tensor_products.py::test_te_penalty_symmetric PASSED          [ 74%]
tests/test_tensor_products.py::test_ti_basis_shape PASSED                [ 74%]
tests/test_tensor_products.py::test_ti_different_from_te FAILED          [ 75%]
tests/test_tensor_products.py::test_t2_basis_same_as_te PASSED           [ 75%]
tests/test_tensor_products.py::test_gam_te_fits PASSED                   [ 76%]
tests/test_tensor_products.py::test_gam_te_predictions PASSED            [ 76%]
tests/test_tensor_products.py::test_gam_ti_fits PASSED                   [ 77%]
tests/test_tensor_products.py::test_gam_te_edf_positive PASSED           [ 77%]
tests/test_tensor_products.py::test_gam_te_poisson PASSED                [ 77%]
tests/test_tensor_products.py::test_formula_parser_te PASSED             [ 78%]
tests/test_tensor_products.py::test_formula_parser_ti PASSED             [ 78%]
tests/test_tensor_products.py::test_formula_parser_t2 PASSED             [ 79%]
tests/test_tensor_products.py::test_model_matrix_te_shape PASSED         [ 79%]
tests/test_thin_plate_mgcv_equivalence.py::TestTPRSBasicFunctionality::test_basis_matrix_shape_univariate PASSED [ 80%]
tests/test_thin_plate_mgcv_equivalence.py::TestTPRSBasicFunctionality::test_basis_matrix_shape_multivariate PASSED [ 80%]
tests/test_thin_plate_mgcv_equivalence.py::TestTPRSBasicFunctionality::test_knots_stored_correctly PASSED [ 80%]
tests/test_thin_plate_mgcv_equivalence.py::TestTPRSBasicFunctionality::test_functional_api PASSED [ 81%]
tests/test_thin_plate_mgcv_equivalence.py::TestTPRSNumericalStability::test_large_scale_data PASSED [ 81%]
tests/test_thin_plate_mgcv_equivalence.py::TestTPRSNumericalStability::test_small_scale_data PASSED [ 82%]
tests/test_thin_plate_mgcv_equivalence.py::TestTPRSNumericalStability::test_negative_scale_data PASSED [ 82%]
tests/test_thin_plate_mgcv_equivalence.py::TestTPRSNumericalStability::test_repeated_values PASSED [ 82%]
tests/test_thin_plate_mgcv_equivalence.py::TestTPRSNumericalStability::test_identical_points PASSED [ 83%]
tests/test_thin_plate_mgcv_equivalence.py::TestTPRSOutOfSamplePrediction::test_prediction_shape PASSED [ 83%]
tests/test_thin_plate_mgcv_equivalence.py::TestTPRSOutOfSamplePrediction::test_prediction_numeric PASSED [ 84%]
tests/test_thin_plate_mgcv_equivalence.py::TestTPRSOutOfSamplePrediction::test_prediction_consistency PASSED [ 84%]
tests/test_thin_plate_mgcv_equivalence.py::TestTPRSOutOfSamplePrediction::test_prediction_multivariate PASSED [ 85%]
tests/test_thin_plate_mgcv_equivalence.py::TestTPRSOutOfSamplePrediction::test_prediction_dimension_mismatch PASSED [ 85%]
tests/test_thin_plate_mgcv_equivalence.py::TestTPRSEdgeCases::test_very_small_sample PASSED [ 85%]
tests/test_thin_plate_mgcv_equivalence.py::TestTPRSEdgeCases::test_k_equals_n PASSED [ 86%]
tests/test_thin_plate_mgcv_equivalence.py::TestTPRSEdgeCases::test_k_greater_than_n_auto_reduced PASSED [ 86%]
tests/test_thin_plate_mgcv_equivalence.py::TestTPRSEdgeCases::test_default_k_selection PASSED [ 87%]
tests/test_thin_plate_mgcv_equivalence.py::TestTPRSEdgeCases::test_single_dimension_multivariate PASSED [ 87%]
tests/test_thin_plate_mgcv_equivalence.py::TestTPRSNumericalEquivalence::test_basis_symmetry_property PASSED [ 88%]
tests/test_thin_plate_mgcv_equivalence.py::TestTPRSNumericalEquivalence::test_basis_rank PASSED [ 88%]
tests/test_thin_plate_mgcv_equivalence.py::TestTPRSNumericalEquivalence::test_rbf_kernel_positivity PASSED [ 88%]
tests/test_thin_plate_mgcv_equivalence.py::TestTPRSNumericalEquivalence::test_knot_optimization_coverage PASSED [ 89%]
tests/test_thin_plate_mgcv_equivalence.py::TestTPRSComputationalStability::test_no_division_by_zero PASSED [ 89%]
tests/test_thin_plate_mgcv_equivalence.py::TestTPRSComputationalStability::test_matrix_condition_number PASSED [ 90%]
tests/test_thin_plate_mgcv_equivalence.py::TestTPRSComputationalStability::test_consistent_results_seed PASSED [ 90%]
tests/test_validation_mgcv.py::TestValidationVsMGCV::test_gaussian_simple PASSED [ 91%]
tests/test_validation_mgcv.py::TestValidationVsMGCV::test_poisson_gam PASSED [ 91%]
tests/test_validation_mgcv.py::TestValidationVsMGCV::test_gamma_gam PASSED [ 91%]
tests/test_validation_mgcv.py::TestValidationVsMGCV::test_tweedie_gam PASSED [ 92%]
tests/test_validation_mgcv.py::TestValidationVsMGCV::test_coefficient_stability PASSED [ 92%]
tests/test_validation_mgcv.py::TestValidationVsMGCV::test_smoothing_parameter_optimization PASSED [ 93%]
tests/test_validation_mgcv.py::TestValidationVsMGCV::test_prediction_extrapolation PASSED [ 93%]
tests/test_validation_mgcv.py::TestNumericalAccuracy::test_singular_matrix_handling PASSED [ 94%]
tests/test_validation_mgcv.py::TestNumericalAccuracy::test_numerical_precision_small_sample PASSED [ 94%]
tests/test_visualization.py::TestPlot1dSmooth::test_returns_axes PASSED  [ 94%]
tests/test_visualization.py::TestPlot1dSmooth::test_unfitted_raises PASSED [ 95%]
tests/test_visualization.py::TestPlot1dSmooth::test_bad_index_raises PASSED [ 95%]
tests/test_visualization.py::TestPlot1dSmooth::test_n_points_controls_resolution PASSED [ 96%]
tests/test_visualization.py::TestPlot1dSmooth::test_accepts_existing_axes PASSED [ 96%]
tests/test_visualization.py::TestPlotSurface::test_returns_3d_axes PASSED [ 97%]
tests/test_visualization.py::TestPlotSurface::test_unfitted_raises PASSED [ 97%]
tests/test_visualization.py::TestPlotSurface::test_1d_smooth_raises PASSED [ 97%]
tests/test_visualization.py::TestPlotSurface::test_bad_index_raises PASSED [ 98%]
tests/test_visualization.py::TestPlotModelDiagnostics::test_returns_axes_array PASSED [ 98%]
tests/test_visualization.py::TestPlotModelDiagnostics::test_unfitted_raises PASSED [ 99%]
tests/test_visualization.py::TestPlotModelDiagnostics::test_accepts_existing_axes PASSED [ 99%]
tests/test_visualization.py::TestPlotModelDiagnostics::test_four_plots_populated PASSED [100%]

================================== FAILURES ===================================
E   AssertionError: ti and te should produce different bases
    assert not True
     +  where True = <function allclose at 0x0000025AAD79D430>(array([[ 0.05104318,  0.01651191, -0.03911864, ..., -0.01423592,\n        -0.00581459,  0.00708414],\n       [ 0.00453694, -0.00780122, -0.00761215, ...,  0.01266087,\n         0.00707376, -0.01578413],\n       [ 0.11990397, -0.02415057, -0.0196168 , ..., -0.00604171,\n        -0.01320816, -0.01870417],\n       ...,\n       [ 0.02889701,  0.01010906, -0.02253398, ...,  0.02029304,\n         0.00727736, -0.01163231],\n       [ 0.0128008 ,  0.00066772, -0.00696997, ...,  0.01660376,\n         0.01611539,  0.00898966],\n       [ 0.08187796, -0.0067239 , -0.02994177, ..., -0.01208924,\n        -0.01640626, -0.0166865 ]], shape=(80, 25)), array([[ 0.05104318,  0.01651191, -0.03911864, ..., -0.01423592,\n        -0.00581459,  0.00708414],\n       [ 0.00453694, -0.00780122, -0.00761215, ...,  0.01266087,\n         0.00707376, -0.01578413],\n       [ 0.11990397, -0.02415057, -0.0196168 , ..., -0.00604171,\n        -0.01320816, -0.01870417],\n       ...,\n       [ 0.02889701,  0.01010906, -0.02253398, ...,  0.02029304,\n         0.00727736, -0.01163231],\n       [ 0.0128008 ,  0.00066772, -0.00696997, ...,  0.01660376,\n         0.01611539,  0.00898966],\n       [ 0.08187796, -0.0067239 , -0.02994177, ..., -0.01208924,\n        -0.01640626, -0.0166865 ]], shape=(80, 25)))
     +    where <function allclose at 0x0000025AAD79D430> = np.allclose
     +    and   array([[ 0.05104318,  0.01651191, -0.03911864, ..., -0.01423592,\n        -0.00581459,  0.00708414],\n       [ 0.00453694, -0.00780122, -0.00761215, ...,  0.01266087,\n         0.00707376, -0.01578413],\n       [ 0.11990397, -0.02415057, -0.0196168 , ..., -0.00604171,\n        -0.01320816, -0.01870417],\n       ...,\n       [ 0.02889701,  0.01010906, -0.02253398, ...,  0.02029304,\n         0.00727736, -0.01163231],\n       [ 0.0128008 ,  0.00066772, -0.00696997, ...,  0.01660376,\n         0.01611539,  0.00898966],\n       [ 0.08187796, -0.0067239 , -0.02994177, ..., -0.01208924,\n        -0.01640626, -0.0166865 ]], shape=(80, 25)) = <pymgcv.smooth.tensor_product.TensorProductSmooth object at 0x0000025AC3B85E50>.B
     +    and   array([[ 0.05104318,  0.01651191, -0.03911864, ..., -0.01423592,\n        -0.00581459,  0.00708414],\n       [ 0.00453694, -0.00780122, -0.00761215, ...,  0.01266087,\n         0.00707376, -0.01578413],\n       [ 0.11990397, -0.02415057, -0.0196168 , ..., -0.00604171,\n        -0.01320816, -0.01870417],\n       ...,\n       [ 0.02889701,  0.01010906, -0.02253398, ...,  0.02029304,\n         0.00727736, -0.01163231],\n       [ 0.0128008 ,  0.00066772, -0.00696997, ...,  0.01660376,\n         0.01611539,  0.00898966],\n       [ 0.08187796, -0.0067239 , -0.02994177, ..., -0.01208924,\n        -0.01640626, -0.0166865 ]], shape=(80, 25)) = <pymgcv.smooth.tensor_product.TensorProductSmooth object at 0x0000025AC3B85EE0>.B
C:\Users\surya\Downloads\pymgcv\tests\test_tensor_products.py:188: AssertionError: ti and te should produce different bases
============================== warnings summary ===============================
tests/test_new_features.py::TestCyclicSplineGAM::test_fit_cyclic
  C:\Users\surya\Downloads\pymgcv\pymgcv\optimizer\pirls.py:234: LinAlgWarning: An ill-conditioned matrix detected: slice 0 has rcond = 8.511709855459599e-18.
    beta_new = linalg.solve(A, Xtwz)

tests/test_new_features.py::TestCyclicSplineGAM::test_fit_cyclic
  C:\Users\surya\Downloads\pymgcv\pymgcv\optimizer\pirls.py:234: LinAlgWarning: An ill-conditioned matrix detected: slice 0 has rcond = 8.88178419700126e-18.
    beta_new = linalg.solve(A, Xtwz)

tests/test_new_features.py::TestCyclicSplineGAM::test_fit_cyclic
  C:\Users\surya\Downloads\pymgcv\pymgcv\optimizer\pirls.py:234: LinAlgWarning: An ill-conditioned matrix detected: slice 0 has rcond = 7.401486830834375e-18.
    beta_new = linalg.solve(A, Xtwz)

tests/test_new_features.py::TestCyclicSplineGAM::test_fit_cyclic
  C:\Users\surya\Downloads\pymgcv\pymgcv\optimizer\pirls.py:234: LinAlgWarning: An ill-conditioned matrix detected: slice 0 has rcond = 5.181040781584059e-18.
    beta_new = linalg.solve(A, Xtwz)

tests/test_new_features.py::TestCyclicSplineGAM::test_cyclic_predictions_finite
  C:\Users\surya\Downloads\pymgcv\pymgcv\optimizer\pirls.py:234: LinAlgWarning: An ill-conditioned matrix detected: slice 0 has rcond = 2.6645352591005096e-17.
    beta_new = linalg.solve(A, Xtwz)

tests/test_new_features.py::TestCyclicSplineGAM::test_cyclic_predictions_finite
  C:\Users\surya\Downloads\pymgcv\pymgcv\optimizer\pirls.py:234: LinAlgWarning: An ill-conditioned matrix detected: slice 0 has rcond = 2.4178190314059318e-17.
    beta_new = linalg.solve(A, Xtwz)

tests/test_new_features.py::TestCyclicSplineGAM::test_cyclic_predictions_finite
  C:\Users\surya\Downloads\pymgcv\pymgcv\optimizer\pirls.py:234: LinAlgWarning: An ill-conditioned matrix detected: slice 0 has rcond = 2.3191325403281508e-17.
    beta_new = linalg.solve(A, Xtwz)

tests/test_new_features.py::TestCyclicSplineGAM::test_cyclic_predictions_finite
  C:\Users\surya\Downloads\pymgcv\pymgcv\optimizer\pirls.py:234: LinAlgWarning: An ill-conditioned matrix detected: slice 0 has rcond = 2.4671622769448387e-17.
    beta_new = linalg.solve(A, Xtwz)

tests/test_phase_3_jax.py::TestGAMClass::test_gam_fit_gaussian
  C:\Users\surya\Downloads\pymgcv\pymgcv\optimizer\pirls.py:234: LinAlgWarning: An ill-conditioned matrix detected: slice 0 has rcond = 9.694372963935269e-17.
    beta_new = linalg.solve(A, Xtwz)

tests/test_phase_3_jax.py::TestGAMClass::test_gam_fit_gaussian
  C:\Users\surya\Downloads\pymgcv\pymgcv\optimizer\pirls.py:234: LinAlgWarning: An ill-conditioned matrix detected: slice 0 has rcond = 9.694372963445275e-17.
    beta_new = linalg.solve(A, Xtwz)

tests/test_phase_3_jax.py::TestGAMClass::test_gam_fit_gaussian
  C:\Users\surya\Downloads\pymgcv\pymgcv\optimizer\pirls.py:234: LinAlgWarning: An ill-conditioned matrix detected: slice 0 has rcond = 9.694372953603503e-17.
    beta_new = linalg.solve(A, Xtwz)

tests/test_phase_3_jax.py::TestGAMClass::test_gam_fit_gaussian
  C:\Users\surya\Downloads\pymgcv\pymgcv\optimizer\pirls.py:234: LinAlgWarning: An ill-conditioned matrix detected: slice 0 has rcond = 9.694372954414058e-17.
    beta_new = linalg.solve(A, Xtwz)

tests/test_phase_3_jax.py::TestGAMClass::test_gam_fit_gaussian
  C:\Users\surya\Downloads\pymgcv\pymgcv\optimizer\pirls.py:234: LinAlgWarning: An ill-conditioned matrix detected: slice 0 has rcond = 9.694372954506364e-17.
    beta_new = linalg.solve(A, Xtwz)

tests/test_phase_3_jax.py::TestGAMClass::test_gam_fit_gaussian
  C:\Users\surya\Downloads\pymgcv\pymgcv\optimizer\pirls.py:234: LinAlgWarning: An ill-conditioned matrix detected: slice 0 has rcond = 9.694372954514212e-17.
    beta_new = linalg.solve(A, Xtwz)

tests/test_phase_3_jax.py::TestGAMClass::test_gam_fit_gaussian
  C:\Users\surya\Downloads\pymgcv\pymgcv\optimizer\pirls.py:234: LinAlgWarning: An ill-conditioned matrix detected: slice 0 has rcond = 9.694372954514852e-17.
    beta_new = linalg.solve(A, Xtwz)

tests/test_phase_3_jax.py::TestGAMClass::test_gam_fit_gaussian
  C:\Users\surya\Downloads\pymgcv\pymgcv\optimizer\pirls.py:234: LinAlgWarning: An ill-conditioned matrix detected: slice 0 has rcond = 9.694372954514904e-17.
    beta_new = linalg.solve(A, Xtwz)

tests/test_phase_3_jax.py::TestGAMClass::test_gam_fit_gaussian
  C:\Users\surya\Downloads\pymgcv\pymgcv\optimizer\pirls.py:234: LinAlgWarning: An ill-conditioned matrix detected: slice 0 has rcond = 9.694372954514907e-17.
    beta_new = linalg.solve(A, Xtwz)

tests/test_phase_3_jax.py::TestGAMClass::test_gam_fit_gaussian
  C:\Users\surya\Downloads\pymgcv\pymgcv\optimizer\pirls.py:234: LinAlgWarning: An ill-conditioned matrix detected: slice 0 has rcond = 9.69437295451495e-17.
    beta_new = linalg.solve(A, Xtwz)

tests/test_thin_plate_mgcv_equivalence.py::TestTPRSNumericalStability::test_identical_points
tests/test_thin_plate_mgcv_equivalence.py::TestTPRSEdgeCases::test_very_small_sample
tests/test_thin_plate_mgcv_equivalence.py::TestTPRSComputationalStability::test_no_division_by_zero
  C:\Users\surya\Downloads\pymgcv\pymgcv\smooth\thin_plate.py:113: UserWarning: k increased to M+1=3 (minimum identifiable dimension).
    warnings.warn(

tests/test_validation_mgcv.py::TestValidationVsMGCV::test_poisson_gam
  C:\Users\surya\Downloads\pymgcv\pymgcv\optimizer\pirls.py:234: LinAlgWarning: An ill-conditioned matrix detected: slice 0 has rcond = 4.691712100468083e-38.
    beta_new = linalg.solve(A, Xtwz)

tests/test_validation_mgcv.py::TestValidationVsMGCV::test_poisson_gam
  C:\Users\surya\Downloads\pymgcv\pymgcv\optimizer\pirls.py:234: LinAlgWarning: An ill-conditioned matrix detected: slice 0 has rcond = 1.5273038338940557e-34.
    beta_new = linalg.solve(A, Xtwz)

tests/test_validation_mgcv.py::TestValidationVsMGCV::test_poisson_gam
  C:\Users\surya\Downloads\pymgcv\pymgcv\optimizer\pirls.py:234: LinAlgWarning: An ill-conditioned matrix detected: slice 0 has rcond = 6.417127468319081e-35.
    beta_new = linalg.solve(A, Xtwz)

tests/test_validation_mgcv.py::TestValidationVsMGCV::test_poisson_gam
  C:\Users\surya\Downloads\pymgcv\pymgcv\optimizer\pirls.py:234: LinAlgWarning: An ill-conditioned matrix detected: slice 0 has rcond = 5.6580118551983e-35.
    beta_new = linalg.solve(A, Xtwz)

tests/test_validation_mgcv.py::TestValidationVsMGCV::test_poisson_gam
  C:\Users\surya\Downloads\pymgcv\pymgcv\optimizer\pirls.py:234: LinAlgWarning: An ill-conditioned matrix detected: slice 0 has rcond = 9.008624041300867e-34.
    beta_new = linalg.solve(A, Xtwz)

tests/test_validation_mgcv.py::TestValidationVsMGCV::test_poisson_gam
  C:\Users\surya\Downloads\pymgcv\pymgcv\optimizer\pirls.py:234: LinAlgWarning: An ill-conditioned matrix detected: slice 0 has rcond = 2.4219895158843703e-36.
    beta_new = linalg.solve(A, Xtwz)

tests/test_validation_mgcv.py::TestValidationVsMGCV::test_poisson_gam
  C:\Users\surya\Downloads\pymgcv\pymgcv\optimizer\pirls.py:234: LinAlgWarning: An ill-conditioned matrix detected: slice 0 has rcond = 2.91901375595523e-18.
    beta_new = linalg.solve(A, Xtwz)

tests/test_validation_mgcv.py::TestValidationVsMGCV::test_poisson_gam
  C:\Users\surya\Downloads\pymgcv\pymgcv\optimizer\pirls.py:234: LinAlgWarning: An ill-conditioned matrix detected: slice 0 has rcond = 1.0209347365322036e-37.
    beta_new = linalg.solve(A, Xtwz)

tests/test_validation_mgcv.py::TestValidationVsMGCV::test_poisson_gam
  C:\Users\surya\Downloads\pymgcv\pymgcv\optimizer\pirls.py:234: LinAlgWarning: An ill-conditioned matrix detected: slice 0 has rcond = 1.272045416577022e-34.
    beta_new = linalg.solve(A, Xtwz)

tests/test_validation_mgcv.py::TestValidationVsMGCV::test_poisson_gam
  C:\Users\surya\Downloads\pymgcv\pymgcv\optimizer\pirls.py:234: LinAlgWarning: An ill-conditioned matrix detected: slice 0 has rcond = 3.695673975435425e-36.
    beta_new = linalg.solve(A, Xtwz)

tests/test_validation_mgcv.py::TestValidationVsMGCV::test_poisson_gam
  C:\Users\surya\Downloads\pymgcv\pymgcv\optimizer\pirls.py:234: LinAlgWarning: An ill-conditioned matrix detected: slice 0 has rcond = 7.106497957551049e-37.
    beta_new = linalg.solve(A, Xtwz)

tests/test_validation_mgcv.py::TestValidationVsMGCV::test_poisson_gam
  C:\Users\surya\Downloads\pymgcv\pymgcv\optimizer\pirls.py:234: LinAlgWarning: An ill-conditioned matrix detected: slice 0 has rcond = 6.947519883071644e-35.
    beta_new = linalg.solve(A, Xtwz)

tests/test_validation_mgcv.py::TestValidationVsMGCV::test_poisson_gam
  C:\Users\surya\Downloads\pymgcv\pymgcv\optimizer\pirls.py:234: LinAlgWarning: An ill-conditioned matrix detected: slice 0 has rcond = 4.221057936319191e-38.
    beta_new = linalg.solve(A, Xtwz)

tests/test_validation_mgcv.py::TestValidationVsMGCV::test_poisson_gam
  C:\Users\surya\Downloads\pymgcv\pymgcv\optimizer\pirls.py:234: LinAlgWarning: An ill-conditioned matrix detected: slice 0 has rcond = 2.976520123645059e-18.
    beta_new = linalg.solve(A, Xtwz)

tests/test_validation_mgcv.py::TestValidationVsMGCV::test_poisson_gam
  C:\Users\surya\Downloads\pymgcv\pymgcv\optimizer\pirls.py:234: LinAlgWarning: An ill-conditioned matrix detected: slice 0 has rcond = 1.6058167864048105e-34.
    beta_new = linalg.solve(A, Xtwz)

tests/test_validation_mgcv.py::TestValidationVsMGCV::test_poisson_gam
  C:\Users\surya\Downloads\pymgcv\pymgcv\optimizer\pirls.py:234: LinAlgWarning: An ill-conditioned matrix detected: slice 0 has rcond = 6.95048375783543e-35.
    beta_new = linalg.solve(A, Xtwz)

tests/test_validation_mgcv.py::TestValidationVsMGCV::test_poisson_gam
  C:\Users\surya\Downloads\pymgcv\pymgcv\optimizer\pirls.py:234: LinAlgWarning: An ill-conditioned matrix detected: slice 0 has rcond = 2.9807804421815638e-18.
    beta_new = linalg.solve(A, Xtwz)

tests/test_validation_mgcv.py::TestValidationVsMGCV::test_poisson_gam
  C:\Users\surya\Downloads\pymgcv\pymgcv\optimizer\pirls.py:234: LinAlgWarning: An ill-conditioned matrix detected: slice 0 has rcond = 1.6592701181735827e-37.
    beta_new = linalg.solve(A, Xtwz)

tests/test_validation_mgcv.py::TestValidationVsMGCV::test_poisson_gam
  C:\Users\surya\Downloads\pymgcv\pymgcv\optimizer\pirls.py:234: LinAlgWarning: An ill-conditioned matrix detected: slice 0 has rcond = 3.414399128991542e-36.
    beta_new = linalg.solve(A, Xtwz)

tests/test_validation_mgcv.py::TestValidationVsMGCV::test_poisson_gam
  C:\Users\surya\Downloads\pymgcv\pymgcv\optimizer\pirls.py:234: LinAlgWarning: An ill-conditioned matrix detected: slice 0 has rcond = 2.128711653282176e-37.
    beta_new = linalg.solve(A, Xtwz)

tests/test_validation_mgcv.py::TestValidationVsMGCV::test_poisson_gam
  C:\Users\surya\Downloads\pymgcv\pymgcv\optimizer\pirls.py:234: LinAlgWarning: An ill-conditioned matrix detected: slice 0 has rcond = 2.9845245264571427e-18.
    beta_new = linalg.solve(A, Xtwz)

tests/test_validation_mgcv.py::TestValidationVsMGCV::test_poisson_gam
  C:\Users\surya\Downloads\pymgcv\pymgcv\optimizer\pirls.py:234: LinAlgWarning: An ill-conditioned matrix detected: slice 0 has rcond = 3.552474587549842e-35.
    beta_new = linalg.solve(A, Xtwz)

tests/test_validation_mgcv.py::TestValidationVsMGCV::test_poisson_gam
  C:\Users\surya\Downloads\pymgcv\pymgcv\optimizer\pirls.py:234: LinAlgWarning: An ill-conditioned matrix detected: slice 0 has rcond = 2.9847925414816366e-18.
    beta_new = linalg.solve(A, Xtwz)

tests/test_validation_mgcv.py::TestValidationVsMGCV::test_poisson_gam
  C:\Users\surya\Downloads\pymgcv\pymgcv\optimizer\pirls.py:234: LinAlgWarning: An ill-conditioned matrix detected: slice 0 has rcond = 3.887459169222103e-37.
    beta_new = linalg.solve(A, Xtwz)

tests/test_validation_mgcv.py::TestValidationVsMGCV::test_poisson_gam
  C:\Users\surya\Downloads\pymgcv\pymgcv\optimizer\pirls.py:234: LinAlgWarning: An ill-conditioned matrix detected: slice 0 has rcond = 2.9849936034523177e-18.
    beta_new = linalg.solve(A, Xtwz)

tests/test_validation_mgcv.py::TestValidationVsMGCV::test_poisson_gam
  C:\Users\surya\Downloads\pymgcv\pymgcv\optimizer\pirls.py:234: LinAlgWarning: An ill-conditioned matrix detected: slice 0 has rcond = 4.1363321925378826e-35.
    beta_new = linalg.solve(A, Xtwz)

tests/test_validation_mgcv.py::TestValidationVsMGCV::test_poisson_gam
  C:\Users\surya\Downloads\pymgcv\pymgcv\optimizer\pirls.py:234: LinAlgWarning: An ill-conditioned matrix detected: slice 0 has rcond = 4.786720521381926e-36.
    beta_new = linalg.solve(A, Xtwz)

tests/test_validation_mgcv.py::TestValidationVsMGCV::test_poisson_gam
  C:\Users\surya\Downloads\pymgcv\pymgcv\optimizer\pirls.py:234: LinAlgWarning: An ill-conditioned matrix detected: slice 0 has rcond = 2.003999013172897e-36.
    beta_new = linalg.solve(A, Xtwz)

tests/test_validation_mgcv.py::TestValidationVsMGCV::test_poisson_gam
  C:\Users\surya\Downloads\pymgcv\pymgcv\optimizer\pirls.py:234: LinAlgWarning: An ill-conditioned matrix detected: slice 0 has rcond = 3.095785227887854e-38.
    beta_new = linalg.solve(A, Xtwz)

tests/test_validation_mgcv.py::TestValidationVsMGCV::test_poisson_gam
  C:\Users\surya\Downloads\pymgcv\pymgcv\optimizer\pirls.py:234: LinAlgWarning: An ill-conditioned matrix detected: slice 0 has rcond = 1.830410429310878e-36.
    beta_new = linalg.solve(A, Xtwz)

tests/test_validation_mgcv.py::TestValidationVsMGCV::test_poisson_gam
  C:\Users\surya\Downloads\pymgcv\pymgcv\optimizer\pirls.py:234: LinAlgWarning: An ill-conditioned matrix detected: slice 0 has rcond = 3.0875051082768768e-18.
    beta_new = linalg.solve(A, Xtwz)

tests/test_validation_mgcv.py::TestValidationVsMGCV::test_poisson_gam
  C:\Users\surya\Downloads\pymgcv\pymgcv\optimizer\pirls.py:234: LinAlgWarning: An ill-conditioned matrix detected: slice 0 has rcond = 1.447224490517719e-36.
    beta_new = linalg.solve(A, Xtwz)

tests/test_validation_mgcv.py::TestValidationVsMGCV::test_poisson_gam
  C:\Users\surya\Downloads\pymgcv\pymgcv\optimizer\pirls.py:234: LinAlgWarning: An ill-conditioned matrix detected: slice 0 has rcond = 1.4719583622536078e-34.
    beta_new = linalg.solve(A, Xtwz)

tests/test_validation_mgcv.py::TestValidationVsMGCV::test_poisson_gam
  C:\Users\surya\Downloads\pymgcv\pymgcv\optimizer\pirls.py:234: LinAlgWarning: An ill-conditioned matrix detected: slice 0 has rcond = 2.910833326808485e-18.
    beta_new = linalg.solve(A, Xtwz)

tests/test_validation_mgcv.py::TestValidationVsMGCV::test_poisson_gam
  C:\Users\surya\Downloads\pymgcv\pymgcv\optimizer\pirls.py:234: LinAlgWarning: An ill-conditioned matrix detected: slice 0 has rcond = 1.6185816185476065e-38.
    beta_new = linalg.solve(A, Xtwz)

tests/test_validation_mgcv.py::TestValidationVsMGCV::test_poisson_gam
  C:\Users\surya\Downloads\pymgcv\pymgcv\optimizer\pirls.py:234: LinAlgWarning: An ill-conditioned matrix detected: slice 0 has rcond = 3.491203011527387e-35.
    beta_new = linalg.solve(A, Xtwz)

tests/test_validation_mgcv.py::TestValidationVsMGCV::test_poisson_gam
  C:\Users\surya\Downloads\pymgcv\pymgcv\optimizer\pirls.py:234: LinAlgWarning: An ill-conditioned matrix detected: slice 0 has rcond = 2.3750617654590027e-36.
    beta_new = linalg.solve(A, Xtwz)

tests/test_validation_mgcv.py::TestValidationVsMGCV::test_poisson_gam
  C:\Users\surya\Downloads\pymgcv\pymgcv\optimizer\pirls.py:234: LinAlgWarning: An ill-conditioned matrix detected: slice 0 has rcond = 2.930469984542825e-18.
    beta_new = linalg.solve(A, Xtwz)

tests/test_validation_mgcv.py::TestValidationVsMGCV::test_poisson_gam
  C:\Users\surya\Downloads\pymgcv\pymgcv\optimizer\pirls.py:234: LinAlgWarning: An ill-conditioned matrix detected: slice 0 has rcond = 8.351736205129548e-35.
    beta_new = linalg.solve(A, Xtwz)

tests/test_validation_mgcv.py::TestValidationVsMGCV::test_poisson_gam
  C:\Users\surya\Downloads\pymgcv\pymgcv\optimizer\pirls.py:234: LinAlgWarning: An ill-conditioned matrix detected: slice 0 has rcond = 2.931826880910942e-18.
    beta_new = linalg.solve(A, Xtwz)

tests/test_validation_mgcv.py::TestValidationVsMGCV::test_poisson_gam
  C:\Users\surya\Downloads\pymgcv\pymgcv\optimizer\pirls.py:234: LinAlgWarning: An ill-conditioned matrix detected: slice 0 has rcond = 1.5591489669338522e-36.
    beta_new = linalg.solve(A, Xtwz)

tests/test_validation_mgcv.py::TestValidationVsMGCV::test_poisson_gam
  C:\Users\surya\Downloads\pymgcv\pymgcv\optimizer\pirls.py:234: LinAlgWarning: An ill-conditioned matrix detected: slice 0 has rcond = 2.1997521075211564e-36.
    beta_new = linalg.solve(A, Xtwz)

tests/test_validation_mgcv.py::TestValidationVsMGCV::test_poisson_gam
  C:\Users\surya\Downloads\pymgcv\pymgcv\optimizer\pirls.py:234: LinAlgWarning: An ill-conditioned matrix detected: slice 0 has rcond = 4.085367769015447e-36.
    beta_new = linalg.solve(A, Xtwz)

tests/test_validation_mgcv.py::TestValidationVsMGCV::test_poisson_gam
  C:\Users\surya\Downloads\pymgcv\pymgcv\optimizer\pirls.py:234: LinAlgWarning: An ill-conditioned matrix detected: slice 0 has rcond = 1.4440445010593178e-34.
    beta_new = linalg.solve(A, Xtwz)

tests/test_validation_mgcv.py::TestValidationVsMGCV::test_poisson_gam
  C:\Users\surya\Downloads\pymgcv\pymgcv\optimizer\pirls.py:234: LinAlgWarning: An ill-conditioned matrix detected: slice 0 has rcond = 2.933008828014998e-18.
    beta_new = linalg.solve(A, Xtwz)

tests/test_validation_mgcv.py::TestValidationVsMGCV::test_poisson_gam
  C:\Users\surya\Downloads\pymgcv\pymgcv\optimizer\pirls.py:234: LinAlgWarning: An ill-conditioned matrix detected: slice 0 has rcond = 5.721876004751177e-36.
    beta_new = linalg.solve(A, Xtwz)

tests/test_validation_mgcv.py::TestValidationVsMGCV::test_poisson_gam
  C:\Users\surya\Downloads\pymgcv\pymgcv\optimizer\pirls.py:234: LinAlgWarning: An ill-conditioned matrix detected: slice 0 has rcond = 9.045813312366141e-35.
    beta_new = linalg.solve(A, Xtwz)

tests/test_validation_mgcv.py::TestValidationVsMGCV::test_poisson_gam
  C:\Users\surya\Downloads\pymgcv\pymgcv\optimizer\pirls.py:234: LinAlgWarning: An ill-conditioned matrix detected: slice 0 has rcond = 1.4955933834771125e-36.
    beta_new = linalg.solve(A, Xtwz)

tests/test_validation_mgcv.py::TestValidationVsMGCV::test_poisson_gam
  C:\Users\surya\Downloads\pymgcv\pymgcv\optimizer\pirls.py:234: LinAlgWarning: An ill-conditioned matrix detected: slice 0 has rcond = 2.933093060790892e-18.
    beta_new = linalg.solve(A, Xtwz)

tests/test_validation_mgcv.py::TestValidationVsMGCV::test_poisson_gam
  C:\Users\surya\Downloads\pymgcv\pymgcv\optimizer\pirls.py:234: LinAlgWarning: An ill-conditioned matrix detected: slice 0 has rcond = 6.850251035054854e-38.
    beta_new = linalg.solve(A, Xtwz)

tests/test_validation_mgcv.py::TestValidationVsMGCV::test_poisson_gam
  C:\Users\surya\Downloads\pymgcv\pymgcv\optimizer\pirls.py:234: LinAlgWarning: An ill-conditioned matrix detected: slice 0 has rcond = 2.933135167543036e-18.
    beta_new = linalg.solve(A, Xtwz)

tests/test_validation_mgcv.py::TestValidationVsMGCV::test_poisson_gam
  C:\Users\surya\Downloads\pymgcv\pymgcv\optimizer\pirls.py:234: LinAlgWarning: An ill-conditioned matrix detected: slice 0 has rcond = 4.712205822001735e-38.
    beta_new = linalg.solve(A, Xtwz)

tests/test_validation_mgcv.py::TestValidationVsMGCV::test_poisson_gam
  C:\Users\surya\Downloads\pymgcv\pymgcv\optimizer\pirls.py:234: LinAlgWarning: An ill-conditioned matrix detected: slice 0 has rcond = 1.751538611222361e-34.
    beta_new = linalg.solve(A, Xtwz)

tests/test_validation_mgcv.py::TestValidationVsMGCV::test_poisson_gam
  C:\Users\surya\Downloads\pymgcv\pymgcv\optimizer\pirls.py:234: LinAlgWarning: An ill-conditioned matrix detected: slice 0 has rcond = 9.300227609661217e-38.
    beta_new = linalg.solve(A, Xtwz)

tests/test_validation_mgcv.py::TestValidationVsMGCV::test_poisson_gam
  C:\Users\surya\Downloads\pymgcv\pymgcv\optimizer\pirls.py:234: LinAlgWarning: An ill-conditioned matrix detected: slice 0 has rcond = 9.867325716143306e-37.
    beta_new = linalg.solve(A, Xtwz)

tests/test_validation_mgcv.py::TestValidationVsMGCV::test_poisson_gam
  C:\Users\surya\Downloads\pymgcv\pymgcv\optimizer\pirls.py:234: LinAlgWarning: An ill-conditioned matrix detected: slice 0 has rcond = 1.375864459457286e-37.
    beta_new = linalg.solve(A, Xtwz)

tests/test_validation_mgcv.py::TestValidationVsMGCV::test_poisson_gam
  C:\Users\surya\Downloads\pymgcv\pymgcv\optimizer\pirls.py:234: LinAlgWarning: An ill-conditioned matrix detected: slice 0 has rcond = 1.5585402533463918e-34.
    beta_new = linalg.solve(A, Xtwz)

tests/test_validation_mgcv.py::TestValidationVsMGCV::test_poisson_gam
  C:\Users\surya\Downloads\pymgcv\pymgcv\optimizer\pirls.py:234: LinAlgWarning: An ill-conditioned matrix detected: slice 0 has rcond = 1.4984574896812866e-34.
    beta_new = linalg.solve(A, Xtwz)

tests/test_validation_mgcv.py::TestValidationVsMGCV::test_poisson_gam
  C:\Users\surya\Downloads\pymgcv\pymgcv\optimizer\pirls.py:234: LinAlgWarning: An ill-conditioned matrix detected: slice 0 has rcond = 8.593396728303119e-34.
    beta_new = linalg.solve(A, Xtwz)

tests/test_validation_mgcv.py::TestValidationVsMGCV::test_poisson_gam
  C:\Users\surya\Downloads\pymgcv\pymgcv\optimizer\pirls.py:234: LinAlgWarning: An ill-conditioned matrix detected: slice 0 has rcond = 2.9182144343094106e-18.
    beta_new = linalg.solve(A, Xtwz)

tests/test_validation_mgcv.py::TestValidationVsMGCV::test_poisson_gam
  C:\Users\surya\Downloads\pymgcv\pymgcv\optimizer\pirls.py:234: LinAlgWarning: An ill-conditioned matrix detected: slice 0 has rcond = 2.0831257710799225e-36.
    beta_new = linalg.solve(A, Xtwz)

tests/test_validation_mgcv.py::TestValidationVsMGCV::test_poisson_gam
  C:\Users\surya\Downloads\pymgcv\pymgcv\optimizer\pirls.py:234: LinAlgWarning: An ill-conditioned matrix detected: slice 0 has rcond = 7.730923994149364e-35.
    beta_new = linalg.solve(A, Xtwz)

tests/test_validation_mgcv.py::TestValidationVsMGCV::test_poisson_gam
  C:\Users\surya\Downloads\pymgcv\pymgcv\optimizer\pirls.py:234: LinAlgWarning: An ill-conditioned matrix detected: slice 0 has rcond = 1.1983435661785466e-35.
    beta_new = linalg.solve(A, Xtwz)

tests/test_validation_mgcv.py::TestValidationVsMGCV::test_poisson_gam
  C:\Users\surya\Downloads\pymgcv\pymgcv\optimizer\pirls.py:234: LinAlgWarning: An ill-conditioned matrix detected: slice 0 has rcond = 2.9308896526599776e-18.
    beta_new = linalg.solve(A, Xtwz)

tests/test_validation_mgcv.py::TestValidationVsMGCV::test_poisson_gam
  C:\Users\surya\Downloads\pymgcv\pymgcv\optimizer\pirls.py:234: LinAlgWarning: An ill-conditioned matrix detected: slice 0 has rcond = 3.850715436518259e-35.
    beta_new = linalg.solve(A, Xtwz)

tests/test_validation_mgcv.py::TestValidationVsMGCV::test_poisson_gam
  C:\Users\surya\Downloads\pymgcv\pymgcv\optimizer\pirls.py:234: LinAlgWarning: An ill-conditioned matrix detected: slice 0 has rcond = 3.0326661292995404e-33.
    beta_new = linalg.solve(A, Xtwz)

tests/test_validation_mgcv.py::TestValidationVsMGCV::test_poisson_gam
  C:\Users\surya\Downloads\pymgcv\pymgcv\optimizer\pirls.py:234: LinAlgWarning: An ill-conditioned matrix detected: slice 0 has rcond = 1.5284876254625048e-34.
    beta_new = linalg.solve(A, Xtwz)

tests/test_validation_mgcv.py::TestValidationVsMGCV::test_poisson_gam
  C:\Users\surya\Downloads\pymgcv\pymgcv\optimizer\pirls.py:234: LinAlgWarning: An ill-conditioned matrix detected: slice 0 has rcond = 1.8405973582707275e-34.
    beta_new = linalg.solve(A, Xtwz)

tests/test_validation_mgcv.py::TestValidationVsMGCV::test_poisson_gam
  C:\Users\surya\Downloads\pymgcv\pymgcv\optimizer\pirls.py:234: LinAlgWarning: An ill-conditioned matrix detected: slice 0 has rcond = 7.376683372360055e-35.
    beta_new = linalg.solve(A, Xtwz)

tests/test_validation_mgcv.py::TestValidationVsMGCV::test_poisson_gam
  C:\Users\surya\Downloads\pymgcv\pymgcv\optimizer\pirls.py:234: LinAlgWarning: An ill-conditioned matrix detected: slice 0 has rcond = 9.543888903277864e-38.
    beta_new = linalg.solve(A, Xtwz)

tests/test_validation_mgcv.py::TestValidationVsMGCV::test_poisson_gam
  C:\Users\surya\Downloads\pymgcv\pymgcv\optimizer\pirls.py:234: LinAlgWarning: An ill-conditioned matrix detected: slice 0 has rcond = 1.5470350706841714e-36.
    beta_new = linalg.solve(A, Xtwz)

tests/test_validation_mgcv.py::TestValidationVsMGCV::test_poisson_gam
  C:\Users\surya\Downloads\pymgcv\pymgcv\optimizer\pirls.py:234: LinAlgWarning: An ill-conditioned matrix detected: slice 0 has rcond = 2.9322575722867993e-18.
    beta_new = linalg.solve(A, Xtwz)

tests/test_validation_mgcv.py::TestValidationVsMGCV::test_poisson_gam
  C:\Users\surya\Downloads\pymgcv\pymgcv\optimizer\pirls.py:234: LinAlgWarning: An ill-conditioned matrix detected: slice 0 has rcond = 2.9324857422461887e-18.
    beta_new = linalg.solve(A, Xtwz)

tests/test_validation_mgcv.py::TestValidationVsMGCV::test_poisson_gam
  C:\Users\surya\Downloads\pymgcv\pymgcv\optimizer\pirls.py:234: LinAlgWarning: An ill-conditioned matrix detected: slice 0 has rcond = 2.8544311900566037e-36.
    beta_new = linalg.solve(A, Xtwz)

tests/test_validation_mgcv.py::TestValidationVsMGCV::test_poisson_gam
  C:\Users\surya\Downloads\pymgcv\pymgcv\optimizer\pirls.py:234: LinAlgWarning: An ill-conditioned matrix detected: slice 0 has rcond = 1.548679252014143e-36.
    beta_new = linalg.solve(A, Xtwz)

tests/test_validation_mgcv.py::TestValidationVsMGCV::test_poisson_gam
  C:\Users\surya\Downloads\pymgcv\pymgcv\optimizer\pirls.py:234: LinAlgWarning: An ill-conditioned matrix detected: slice 0 has rcond = 1.16081508719817e-35.
    beta_new = linalg.solve(A, Xtwz)

tests/test_validation_mgcv.py::TestValidationVsMGCV::test_poisson_gam
  C:\Users\surya\Downloads\pymgcv\pymgcv\optimizer\pirls.py:234: LinAlgWarning: An ill-conditioned matrix detected: slice 0 has rcond = 1.965845122084597e-37.
    beta_new = linalg.solve(A, Xtwz)

tests/test_validation_mgcv.py::TestValidationVsMGCV::test_poisson_gam
  C:\Users\surya\Downloads\pymgcv\pymgcv\optimizer\pirls.py:234: LinAlgWarning: An ill-conditioned matrix detected: slice 0 has rcond = 2.2897402595789507e-36.
    beta_new = linalg.solve(A, Xtwz)

tests/test_validation_mgcv.py::TestValidationVsMGCV::test_poisson_gam
  C:\Users\surya\Downloads\pymgcv\pymgcv\optimizer\pirls.py:234: LinAlgWarning: An ill-conditioned matrix detected: slice 0 has rcond = 2.9326854338694694e-18.
    beta_new = linalg.solve(A, Xtwz)

tests/test_validation_mgcv.py::TestValidationVsMGCV::test_poisson_gam
  C:\Users\surya\Downloads\pymgcv\pymgcv\optimizer\pirls.py:234: LinAlgWarning: An ill-conditioned matrix detected: slice 0 has rcond = 8.412815109281399e-36.
    beta_new = linalg.solve(A, Xtwz)

tests/test_validation_mgcv.py::TestValidationVsMGCV::test_poisson_gam
  C:\Users\surya\Downloads\pymgcv\pymgcv\optimizer\pirls.py:234: LinAlgWarning: An ill-conditioned matrix detected: slice 0 has rcond = 2.9267573089782355e-18.
    beta_new = linalg.solve(A, Xtwz)

tests/test_validation_mgcv.py::TestValidationVsMGCV::test_poisson_gam
  C:\Users\surya\Downloads\pymgcv\pymgcv\optimizer\pirls.py:234: LinAlgWarning: An ill-conditioned matrix detected: slice 0 has rcond = 1.4560836814778525e-37.
    beta_new = linalg.solve(A, Xtwz)

tests/test_validation_mgcv.py::TestValidationVsMGCV::test_poisson_gam
  C:\Users\surya\Downloads\pymgcv\pymgcv\optimizer\pirls.py:234: LinAlgWarning: An ill-conditioned matrix detected: slice 0 has rcond = 6.128061039716328e-37.
    beta_new = linalg.solve(A, Xtwz)

tests/test_validation_mgcv.py::TestValidationVsMGCV::test_poisson_gam
  C:\Users\surya\Downloads\pymgcv\pymgcv\optimizer\pirls.py:234: LinAlgWarning: An ill-conditioned matrix detected: slice 0 has rcond = 1.460188295939476e-34.
    beta_new = linalg.solve(A, Xtwz)

tests/test_validation_mgcv.py::TestNumericalAccuracy::test_singular_matrix_handling
  C:\Users\surya\Downloads\pymgcv\pymgcv\optimizer\pirls.py:234: LinAlgWarning: An ill-conditioned matrix detected: slice 0 has rcond = 9.636175547539695e-57.
    beta_new = linalg.solve(A, Xtwz)

tests/test_validation_mgcv.py::TestNumericalAccuracy::test_singular_matrix_handling
  C:\Users\surya\Downloads\pymgcv\pymgcv\optimizer\pirls.py:234: LinAlgWarning: An ill-conditioned matrix detected: slice 0 has rcond = 4.2698260715503576e-57.
    beta_new = linalg.solve(A, Xtwz)

tests/test_validation_mgcv.py::TestNumericalAccuracy::test_singular_matrix_handling
  C:\Users\surya\Downloads\pymgcv\pymgcv\optimizer\pirls.py:234: LinAlgWarning: An ill-conditioned matrix detected: slice 0 has rcond = 2.5100225504297217e-57.
    beta_new = linalg.solve(A, Xtwz)

tests/test_validation_mgcv.py::TestNumericalAccuracy::test_singular_matrix_handling
  C:\Users\surya\Downloads\pymgcv\pymgcv\optimizer\pirls.py:234: LinAlgWarning: An ill-conditioned matrix detected: slice 0 has rcond = 6.629127979258368e-58.
    beta_new = linalg.solve(A, Xtwz)

tests/test_validation_mgcv.py::TestNumericalAccuracy::test_singular_matrix_handling
  C:\Users\surya\Downloads\pymgcv\pymgcv\optimizer\pirls.py:234: LinAlgWarning: An ill-conditioned matrix detected: slice 0 has rcond = 3.4091856073879986e-58.
    beta_new = linalg.solve(A, Xtwz)

tests/test_validation_mgcv.py::TestNumericalAccuracy::test_singular_matrix_handling
  C:\Users\surya\Downloads\pymgcv\pymgcv\optimizer\pirls.py:234: LinAlgWarning: An ill-conditioned matrix detected: slice 0 has rcond = 3.760120141927041e-58.
    beta_new = linalg.solve(A, Xtwz)

tests/test_validation_mgcv.py::TestNumericalAccuracy::test_singular_matrix_handling
  C:\Users\surya\Downloads\pymgcv\pymgcv\optimizer\pirls.py:234: LinAlgWarning: An ill-conditioned matrix detected: slice 0 has rcond = 2.7534961532100062e-58.
    beta_new = linalg.solve(A, Xtwz)

tests/test_validation_mgcv.py::TestNumericalAccuracy::test_singular_matrix_handling
  C:\Users\surya\Downloads\pymgcv\pymgcv\optimizer\pirls.py:234: LinAlgWarning: An ill-conditioned matrix detected: slice 0 has rcond = 1.7369928486513298e-59.
    beta_new = linalg.solve(A, Xtwz)

tests/test_validation_mgcv.py::TestNumericalAccuracy::test_singular_matrix_handling
  C:\Users\surya\Downloads\pymgcv\pymgcv\optimizer\pirls.py:234: LinAlgWarning: An ill-conditioned matrix detected: slice 0 has rcond = 4.128802873198095e-59.
    beta_new = linalg.solve(A, Xtwz)

tests/test_validation_mgcv.py::TestNumericalAccuracy::test_singular_matrix_handling
  C:\Users\surya\Downloads\pymgcv\pymgcv\optimizer\pirls.py:234: LinAlgWarning: An ill-conditioned matrix detected: slice 0 has rcond = 1.9166812748504372e-59.
    beta_new = linalg.solve(A, Xtwz)

tests/test_validation_mgcv.py::TestNumericalAccuracy::test_singular_matrix_handling
  C:\Users\surya\Downloads\pymgcv\pymgcv\optimizer\pirls.py:234: LinAlgWarning: An ill-conditioned matrix detected: slice 0 has rcond = 5.525556431286013e-60.
    beta_new = linalg.solve(A, Xtwz)

-- Docs: https://docs.pytest.org/en/stable/how-to/capture-warnings.html
=============================== tests coverage ================================
_______________ coverage: platform win32, python 3.12.2-final-0 _______________

Name                                        Stmts   Miss  Cover   Missing
-------------------------------------------------------------------------
pymgcv\__init__.py                             11      0   100%
pymgcv\api\__init__.py                          1      0   100%
pymgcv\api\bam.py                             144    132     8%   59-61, 88-167, 170-206, 224-296, 326-328
pymgcv\api\gam.py                             253     63    75%   102, 150-153, 183, 187-202, 260, 279, 285, 289, 305, 340, 368-369, 385, 399, 404-438, 455, 458, 476, 480
pymgcv\api\gam_auto.py                         97     82    15%   43-53, 99-102, 134-143, 159-214, 225-234, 245-264, 277-291, 299-320
pymgcv\api\gam_check.py                       167    159     5%   31-60, 84-138, 168-255, 260-308
pymgcv\api\gamm.py                            112     98    12%   80-84, 114-134, 145-231, 235-241, 249, 253-272, 305-310
pymgcv\api\model_comparison.py                 93     82    12%   28-56, 71-72, 86-88, 119-166, 184-216
pymgcv\api\plot.py                            113    113     0%   10-270
pymgcv\api\predict.py                          67     55    18%   42-53, 73-101, 123-148, 167-172, 190-208, 224
pymgcv\api\summary.py                         126     34    73%   33, 41-42, 77-78, 91-93, 99-103, 123, 134-135, 172-173, 176-177, 202-203, 208-234, 244
pymgcv\config.py                                8      0   100%
pymgcv\criterions\aic_ubre.py                  85     64    25%   60, 66, 93, 99, 126-165, 187-225, 245-248
pymgcv\diagnostics\__init__.py                  1      0   100%
pymgcv\diagnostics\concurvity.py               64     30    53%   55-56, 74-75, 105-134, 145-170, 181-182
pymgcv\diagnostics\influence.py                53     28    47%   116-155, 163-183, 194
pymgcv\diagnostics\residuals.py                58      6    90%   49, 58, 169-172
pymgcv\diagnostics\significance_tests.py       65     50    23%   65-76, 80-102, 106, 144-168, 172-182, 186, 190, 220-236
pymgcv\distributions\__init__.py                1      0   100%
pymgcv\distributions\family_base.py           176     18    90%   63, 75, 88, 104, 252, 300, 349-353, 365-370, 392, 467, 543
pymgcv\distributions\tweedie.py                42     42     0%   20-158
pymgcv\linalg\__init__.py                       1      0   100%
pymgcv\linalg\cholesky_solver.py                8      8     0%   11-45
pymgcv\linalg\eigen_decomposition.py            6      6     0%   3-21
pymgcv\linalg\qr_decomposition.py               5      5     0%   3-20
pymgcv\linalg\sparse_utils.py                   4      0   100%
pymgcv\linalg\trace_utils.py                    4      4     0%   3-18
pymgcv\optimizer\__init__.py                    1      0   100%
pymgcv\optimizer\edf.py                        59      6    90%   120, 137, 153-160, 211-212
pymgcv\optimizer\gcv.py                        83     83     0%   29-303
pymgcv\optimizer\jax_acceleration.py           90     53    41%   23-25, 32, 34, 46-49, 77-80, 113-132, 146, 160, 190-206, 215-221, 226-238
pymgcv\optimizer\magic_optimizer.py           147     53    64%   133, 136, 191, 201-203, 237-238, 242, 276-338, 371, 375, 379-391, 425-429
pymgcv\optimizer\penalized_likelihood.py       77     36    53%   79, 83, 105-108, 122-133, 146-165, 176, 191-207, 211-221, 281-290
pymgcv\optimizer\pirls.py                     187     28    85%   135, 142, 152, 247-250, 274, 286, 290, 338-339, 351-354, 387, 395, 406-422, 426-434
pymgcv\optimizer\reml_objective.py            131     12    91%   116-117, 201-202, 248-249, 314-326
pymgcv\penalties\__init__.py                    1      0   100%
pymgcv\penalties\demmler_reinsch.py            55     11    80%   74, 166, 178-181, 185-198
pymgcv\penalties\penalty_matrix.py             76     23    70%   77-82, 123, 132-133, 143-147, 155, 173, 206, 254-264, 280-281
pymgcv\penalties\smoothing_param.py            11     11     0%   3-28
pymgcv\smooth\__init__.py                       1      0   100%
pymgcv\smooth\advanced.py                     168    168     0%   14-353
pymgcv\smooth\bspline.py                      112     43    62%   69-76, 81-84, 102, 110, 168, 179-180, 210-233, 236, 239, 242-243, 256, 261-264
pymgcv\smooth\cubic_spline.py                  96     96     0%   25-247
pymgcv\smooth\cyclic_spline.py                 62      2    97%   61, 141
pymgcv\smooth\pspline.py                       44     23    48%   65-78, 82-90, 127, 146-171
pymgcv\smooth\random_effect.py                 61     20    67%   51, 64-76, 107-109, 113, 129, 144-147
pymgcv\smooth\tensor_product.py               125     38    70%   122, 131-134, 150-156, 165-171, 260-290
pymgcv\smooth\thin_plate.py                   132     24    82%   95, 121, 146-164, 224-230, 314, 332
pymgcv\smooth\thin_plate_backup.py            104    104     0%   19-383
pymgcv\utils\__init__.py                        1      0   100%
pymgcv\utils\formula_parser.py                157     27    83%   133, 137, 143, 158-159, 167, 217, 226, 234-235, 271, 275-276, 281-285, 291, 326-338
pymgcv\utils\model_matrix.py                  240     82    66%   72, 89, 138-139, 176-180, 187-200, 211, 241, 247, 268, 272-279, 292-293, 297-307, 311-313, 317-319, 323-336, 343-352, 390, 420, 436-439, 451, 458-461, 465-477
pymgcv\visualization\__init__.py                1      0   100%
pymgcv\visualization\diagnostics_plots.py      55      4    93%   27-28, 50-51
pymgcv\visualization\smooth_plots.py           72     43    40%   41-42, 66-70, 102-152
pymgcv\visualization\surface_plots.py          44      6    86%   30-31, 66-70
-------------------------------------------------------------------------
TOTAL                                        4158   2075    50%
Coverage HTML written to dir htmlcov
=========================== short test summary info ===========================
FAILED tests/test_tensor_products.py::test_ti_different_from_te - AssertionEr...
================ 1 failed, 234 passed, 116 warnings in 10.59s =================
